
> awatar9@1.0.0 build
> next build

Ôû▓ Next.js 16.1.6 (Turbopack)

  Creating an optimized production build ...
node.exe : 
At line:1 char:1
+ & "C:\Program Files
\nodejs/node.exe" 
"C:\Program 
Files\nodejs/node_mo 
...
+ ~~~~~~~~~~~~~~~~~~~
~~~~~~~~~~~~~~~~~~~~~
~~~~~~~~~~~~~~~~~~~~~
~~~~~~~~
    + CategoryInfo   
           : NotSpe  
  cified: (:String   
 ) [], RemoteExce    
ption
    + FullyQualified 
   ErrorId : Native  
  CommandError
 
> Build error 
occurred
Error: Turbopack 
build failed with 2 
errors:
./src/lib/supabase.ts
:1:1
Module not found: 
Can't resolve '@supab
ase/supabase-js'
[0m[31m[1m>[22m[
39m[90m 1 |[39m 
[36mimport[39m { 
createClient } 
[36mfrom[39m [32m'
@supabase/supabase-js
'[39m[33m;[39m
 [90m   |[39m [31m
[1m^[22m[39m[31m
[1m^[22m[39m[31m[
1m^[22m[39m[31m[1
m^[22m[39m[31m[1m
^[22m[39m[31m[1m^
[22m[39m[31m[1m^
[22m[39m[31m[1m^[
22m[39m[31m[1m^[2
2m[39m[31m[1m^[22
m[39m[31m[1m^[22m
[39m[31m[1m^[22m
[39m[31m[1m^[22m[
39m[31m[1m^[22m[3
9m[31m[1m^[22m[39
m[31m[1m^[22m[39m
[31m[1m^[22m[39m
[31m[1m^[22m[39m[
31m[1m^[22m[39m[3
1m[1m^[22m[39m[31
m[1m^[22m[39m[31m
[1m^[22m[39m[31m
[1m^[22m[39m[31m[
1m^[22m[39m[31m[1
m^[22m[39m[31m[1m
^[22m[39m[31m[1m^
[22m[39m[31m[1m^
[22m[39m[31m[1m^[
22m[39m[31m[1m^[2
2m[39m[31m[1m^[22
m[39m[31m[1m^[22m
[39m[31m[1m^[22m
[39m[31m[1m^[22m[
39m[31m[1m^[22m[3
9m[31m[1m^[22m[39
m[31m[1m^[22m[39m
[31m[1m^[22m[39m
[31m[1m^[22m[39m[
31m[1m^[22m[39m[3
1m[1m^[22m[39m[31
m[1m^[22m[39m[31m
[1m^[22m[39m[31m
[1m^[22m[39m[31m[
1m^[22m[39m[31m[1
m^[22m[39m[31m[1m
^[22m[39m[31m[1m^
[22m[39m[31m[1m^
[22m[39m[31m[1m^[
22m[39m[31m[1m^[2
2m[39m[31m[1m^[22
m[39m[31m[1m^[22m
[39m
 [90m 2 |[39m
 [90m 3 |[39m 
[36mconst[39m 
supabaseUrl 
[33m=[39m process[
33m.[39menv[33m.[3
9m[33mNEXT_PUBLIC_SU
PABASE_URL[39m[33m;
[39m
 [90m 4 |[39m 
[36mconst[39m 
supabaseAnonKey 
[33m=[39m process[
33m.[39menv[33m.[3
9m[33mNEXT_PUBLIC_SU
PABASE_ANON_KEY[39m
[33m;[39m[0m



Import trace:
  App Route:
    
./src/lib/supabase.ts
    ./src/app/api/con
tact/route.ts

https://nextjs.org/do
cs/messages/module-no
t-found


./src/app/api/contact
/route.ts:3:1
Module not found: 
Can't resolve 
'resend'
[0m [90m 1 |[39m 
[36mimport[39m { [
33mNextResponse[39m 
} [36mfrom[39m [32
m'next/server'[39m[
33m;[39m
 [90m 2 |[39m 
[36mimport[39m { 
supabase } 
[36mfrom[39m [32m'
@/lib/supabase'[39m
[33m;[39m
[31m[1m>[22m[39m
[90m 3 |[39m 
[36mimport[39m { 
[33mResend[39m } 
[36mfrom[39m [32m'
resend'[39m[33m;[3
9m
 [90m   |[39m [31m
[1m^[22m[39m[31m
[1m^[22m[39m[31m[
1m^[22m[39m[31m[1
m^[22m[39m[31m[1m
^[22m[39m[31m[1m^
[22m[39m[31m[1m^
[22m[39m[31m[1m^[
22m[39m[31m[1m^[2
2m[39m[31m[1m^[22
m[39m[31m[1m^[22m
[39m[31m[1m^[22m
[39m[31m[1m^[22m[
39m[31m[1m^[22m[3
9m[31m[1m^[22m[39
m[31m[1m^[22m[39m
[31m[1m^[22m[39m
[31m[1m^[22m[39m[
31m[1m^[22m[39m[3
1m[1m^[22m[39m[31
m[1m^[22m[39m[31m
[1m^[22m[39m[31m
[1m^[22m[39m[31m[
1m^[22m[39m[31m[1
m^[22m[39m[31m[1m
^[22m[39m[31m[1m^
[22m[39m[31m[1m^
[22m[39m[31m[1m^[
22m[39m[31m[1m^[2
2m[39m[31m[1m^[22
m[39m[31m[1m^[22m
[39m
 [90m 4 |[39m
 [90m 5 |[39m 
[36mexport[39m 
[36masync[39m 
[36mfunction[39m [
33mPOST[39m(req[33m
:[39m 
[33mRequest[39m) {
 [90m 6 |[39m     
[36mtry[39m {[0m



https://nextjs.org/do
cs/messages/module-no
t-found


    at <unknown> (./s
rc/lib/supabase.ts:1:
1)
    at <unknown> (htt
ps://nextjs.org/docs/
messages/module-not-f
ound)
    at <unknown> (./s
rc/app/api/contact/ro
ute.ts:3:1)
    at <unknown> (htt
ps://nextjs.org/docs/
messages/module-not-f
ound)
