src/app/api/contact/route.ts(3,24): error TS2307: Cannot find module 'resend' or its corresponding type declarations.
src/lib/supabase.ts(1,30): error TS2307: Cannot find module '@supabase/supabase-js' or its corresponding type declarations.
